/^sdfs@example\.de$/
/^4536391d\.1010202@example\.de$/
/^45363dd1\.8010900@example\.de$/
/^4538ba23\.7070306@example\.de$/
/^453e50e9\.7080006@example\.de$/
/^8010900@example\.de$/
/^administrator@example\.de$/
/^brusch@example\.de$/
/^btyaia@example\.de$/
/^cheese@example\.de$/
/^cnmeqj@example\.net$/
/^cvhvgm@example\.net$/
/^dacoiu@example\.de$/
/^dvwd@example\.de$/
/^ekqbm@example\.de$/
/^euo@example\.de$/
/^excoqc@example\.de$/
/^fgavyxnnu@example\.net$/
/^fhqxe@example\.de$/
/^fhvve@example\.de$/
/^fikela@example\.de$/
/^fpxk@example\.de$/
/^frjku@example\.de$/
/^frontdoor\.pr\.hu-1496962785-testing@example\.de$/
/^fxmzlie@example\.de$/
/^fxuwfgi@example\.de$/
/^fzmey@example\.de$/
/^gianni-lozeron@example\.de$/
/^gkmdsu@example\.net$/
/^goehausenbmr@example\.de$/
/^gr@example\.de$/
/^gthisleter@example\.de$/
/^gux@example\.de$/
/^harbard\.evanzo\.de-1496960804-testing@example\.de$/
/^harbard\.evanzo\.de-1497305913-testing@example\.de$/
/^hcryr@example\.de$/
/^heypgo@example\.net$/
/^hqxe@example\.de$/
/^htfg@example\.de$/
/^iamjustsendingthisleter@example\.de$/
/^iamjustsendingthisleter@example\.de$/
/^ictam@example\.de$/
/^info@example\.de$/
/^isxp@example\.de$/
/^japhbk@example\.net$/
/^jnawib@example\.de$/
/^jndmnd@example\.net$/
/^kcuw@example\.de$/
/^latterrsp@example\.de$/
/^lbsigf@example\.net$/
/^libguk@example\.de$/
/^mfanps@example\.de$/
/^mgexcru@example\.net$/
/^miij@beoba\.de$/
/^mtzwzr@example\.net$/
/^njimvv@example\.net$/
/^nldcyq@example\.net$/
/^nmbdkk@example\.de$/
/^nmgzvk@example\.de$/
/^nreol@example\.de$/
/^oqy@example\.de$/
/^part1\.02050009\.02050209@example\.de$/
/^petgord34truew@example\.de$/
/^petgord34truew@example\.de$/
/^ptbcny@example\.de$/
/^pxk@example\.de$/
/^qgkvh@example\.de$/
/^qzlmgo@example\.net$/
/^rsvtnu@example\.net$/
/^sgnpfd@example\.net$/
/^siie@example\.de$/
/^stletter@example\.de$/
/^test@example\.de$/
/^tfga@example\.de$/
/^thisisjusttestletter@example\.de$/
/^vwinpog@example\.de$/
/^wbn@example\.de$/
/^xcmez@example\.de$/
/^xmzlie@example\.de$/
/^xodyt@example\.de$/
/^ybsktf@example\.net$/
/^ygigbb@example\.net$/
